[topgoodstuff.com/hack/candy-crush-saga/553834731.html]
[backblue.gif]
[fade.gif]
[index.html]
[topgoodstuff.com/hack/candy-crush-saga/img/fav/favicon-144.png]
[topgoodstuff.com/hack/candy-crush-saga/img/fav/browserconfig.xml]
[use.fontawesome.com/releases/v5.11.2/css/all.css]
[topgoodstuff.com/hack/candy-crush-saga/img/fav/favicon.png]
[topgoodstuff.com/hack/candy-crush-saga/img/fav/favicon-152.png]
[topgoodstuff.com/hack/candy-crush-saga/img/fav/apple-touch-icon.png]
[is3-ssl.mzstatic.com/image/thumb/Purple113/v4/f5/54/36/f5543625-b669-27ff-36ce-b54b99703735/AppIcon-0-0-1x_U007emarketing-0-0-0-7-0-85-220.png/1024x1024bb.jpg]
[topgoodstuff.com/hack/candy-crush-saga/img/gold.png]
[is2-ssl.mzstatic.com/image/thumb/Purple123/v4/ea/5e/9c/ea5e9c71-8243-42b8-0ade-e0abb6cee4de/AppIcon-0-0-1x_U007emarketing-0-0-0-10-0-85-220.png/1024x1024bb.jpg]
[is5-ssl.mzstatic.com/image/thumb/Purple113/v4/ea/2d/8f/ea2d8f9e-8089-aecb-5f01-cf6250be28c2/AppIcon-1x_U007emarketing-0-7-0-85-220.png/1024x1024bb.jpg]
[is1-ssl.mzstatic.com/image/thumb/Purple123/v4/8e/6f/56/8e6f563d-6b9c-9426-e7d3-337696f143d8/AppIcon-0-0-1x_U007emarketing-0-0-0-10-0-85-220.png/1024x1024bb.jpg]
[is2-ssl.mzstatic.com/image/thumb/Purple113/v4/aa/ec/16/aaec1631-816a-0b92-8dc5-4189f5f42d82/AppIcon-0-0-1x_U007emarketing-0-0-0-7-0-0-85-220.png/1024x1024bb.jpg]
[is3-ssl.mzstatic.com/image/thumb/Purple123/v4/fa/a3/59/faa359ef-62d5-4d11-dd7b-0dd7f9e623ac/AppIcon-1x_U007emarketing-0-6-85-220.png/1024x1024bb.jpg]
[topgoodstuff.com/generator_assets/js/jquery-3.3.1.js]
[topgoodstuff.com/generator_assets/js/popper.min.js]
[topgoodstuff.com/generator_assets/js/bootstrap.min.js]
[topgoodstuff.com/generator_assets/js/typed.js@2.0.9.js]
[topgoodstuff.com/generator_assets/js/main.js]
[s10.histats.com/js15_as.js]
[sstatic1.histats.com/04cb0.gif]
[topgoodstuff.com/hack/candy-crush-saga/553834731.html]
[topgoodstuff.com/hack/candy-crush-saga/img/fav/favicon-144.html]
[topgoodstuff.com/hack/candy-crush-saga/img/fav/browserconfig.html]
[use.fontawesome.com/releases/v5.11.2/css/all.css]
[topgoodstuff.com/hack/candy-crush-saga/img/fav/favicon.html]
[topgoodstuff.com/hack/candy-crush-saga/img/fav/favicon-152.html]
[topgoodstuff.com/hack/candy-crush-saga/img/fav/apple-touch-icon.html]
[topgoodstuff.com/generator_assets/css/bootstrap.min.css]
[topgoodstuff.com/generator_assets/css/app.css]
[topgoodstuff.com/generator_assets/css/style.css]
[topgoodstuff.com/hack/candy-crush-saga/img/gold.html]
[topgoodstuff.com/generator_assets/css/bootstrap.min.css]
[topgoodstuff.com/generator_assets/img/bg.jpg]
[topgoodstuff.com/generator_assets/css/style.css]
